400 chips
   detector       kind  level  matches  predictions  references  oracle_matches    f1  oracle_f1
0    colour      fixed    0.3      307         9500        7320           347.6   3.7        4.1
1    colour      fixed    0.4      295         2656        7320           338.3   5.9        6.8
2    colour      fixed    0.6      289         2284        7320           332.8   6.0        6.9
3    colour      fixed    0.9      277         1369        7320           328.2   6.4        7.6
4    colour      fixed    1.2      269         1201        7320           308.5   6.3        7.2
5    colour      fixed    1.8      246         1009        7320           288.8   5.9        6.9
6    colour      fixed    2.4      229          878        7320           259.8   5.6        6.3
7    colour      fixed    3.6      177          706        7320           206.1   4.4        5.1
8    colour      fixed    5.0      117          487        7320           146.1   3.0        3.7
9    colour      fixed   10.0       14          122        7320            23.7   0.4        0.6
10   colour  per_level    0.3      307         9500        7320           347.6   3.7        4.1
11   colour  per_level    0.4      295         2656        7320           338.3   5.9        6.8
12   colour  per_level    0.6      289         2284        7320           332.8   6.0        6.9
13   colour  per_level    0.9      277         1369        7320           328.2   6.4        7.6
14   colour  per_level    1.2      269         1201        7320           308.5   6.3        7.2
15   colour  per_level    1.8      242         1014        7320           288.9   5.8        6.9
16   colour  per_level    2.4      229          878        7320           259.8   5.6        6.3
17   colour  per_level    3.6      177          706        7320           206.1   4.4        5.1
18   colour  per_level    5.0      117          487        7320           146.1   3.0        3.7
19   colour  per_level   10.0       14          122        7320            23.7   0.4        0.6
20    owlv2      fixed    0.3     3917        16618        7320          4338.9  32.7       36.3
21    owlv2      fixed    0.4     3332        11226        7320          3584.6  35.9       38.7
22    owlv2      fixed    0.6     3353        10633        7320          3566.5  37.4       39.7
23    owlv2      fixed    0.9     2787         6964        7320          2909.6  39.0       40.7
24    owlv2      fixed    1.2     2330         5004        7320          2397.8  37.8       38.9
25    owlv2      fixed    1.8     1781         3251        7320          1788.4  33.7       33.8
26    owlv2      fixed    2.4     1343         2077        7320          1264.8  28.6       26.9
27    owlv2      fixed    3.6      189          234        7320           149.7   5.0        4.0
28    owlv2      fixed    5.0        7            8        7320             4.4   0.2        0.1
29    owlv2      fixed   10.0        0            0        7320             0.0   0.0        0.0
30    owlv2  per_level    0.3     2762         7299        7320          2999.9  37.8       41.0
31    owlv2  per_level    0.4     2489         5827        7320          2600.1  37.9       39.6
32    owlv2  per_level    0.6     2511         5548        7320          2595.1  39.0       40.3
33    owlv2  per_level    0.9     2590         6099        7320          2676.6  38.6       39.9
34    owlv2  per_level    1.2     2330         5004        7320          2397.8  37.8       38.9
35    owlv2  per_level    1.8     2703         7126        7320          3037.9  37.4       42.1
36    owlv2  per_level    2.4     2370         5714        7320          2700.4  36.4       41.4
37    owlv2  per_level    3.6     2322         7005        7320          2809.6  32.4       39.2
38    owlv2  per_level    5.0     1691         5087        7320          2143.5  27.3       34.6
39    owlv2  per_level   10.0      848         3086        7320           939.8  16.3       18.1
40   owlvit      fixed    0.3     4350        16511        7320          4929.8  36.5       41.4
41   owlvit      fixed    0.4     4181        14683        7320          4697.5  38.0       42.7
42   owlvit      fixed    0.6     4025        13570        7320          4545.2  38.5       43.5
43   owlvit      fixed    0.9     3572        10584        7320          4046.6  39.9       45.2
44   owlvit      fixed    1.2     3062         8067        7320          3600.1  39.8       46.8
45   owlvit      fixed    1.8     1827         3479        7320          1995.1  33.8       36.9
46   owlvit      fixed    2.4      689         1032        7320           621.8  16.5       14.9
47   owlvit      fixed    3.6       37           56        7320            32.6   1.0        0.9
48   owlvit      fixed    5.0        1            2        7320             1.0   0.0        0.0
49   owlvit      fixed   10.0        0            0        7320             0.0   0.0        0.0
50   owlvit  per_level    0.3     3499         8963        7320          4086.7  43.0       50.2
51   owlvit  per_level    0.4     3300         7852        7320          3784.9  43.5       49.9
52   owlvit  per_level    0.6     3163         7247        7320          3562.2  43.4       48.9
53   owlvit  per_level    0.9     2702         5620        7320          2983.9  41.8       46.1
54   owlvit  per_level    1.2     3062         8067        7320          3600.1  39.8       46.8
55   owlvit  per_level    1.8     2977         9897        7320          3598.2  34.6       41.8
56   owlvit  per_level    2.4     2042         5983        7320          2079.4  30.7       31.3
57   owlvit  per_level    3.6     1405         5447        7320          1457.4  22.0       22.8
58   owlvit  per_level    5.0      442         1308        7320           358.0  10.2        8.3
59   owlvit  per_level   10.0      125         1546        7320            74.6   2.8        1.7
400 chips
   detector       kind  level  matches  predictions  references  oracle_matches    f1  oracle_f1
0    colour      fixed    0.3       96         9500        7320           141.8   1.1        1.7
1    colour      fixed    0.4       96         2656        7320           138.0   1.9        2.8
2    colour      fixed    0.6       97         2284        7320           132.4   2.0        2.8
3    colour      fixed    0.9       85         1369        7320           131.1   2.0        3.0
4    colour      fixed    1.2       81         1201        7320           121.9   1.9        2.9
5    colour      fixed    1.8       65         1009        7320           110.4   1.6        2.7
6    colour      fixed    2.4       58          878        7320           101.9   1.4        2.5
7    colour      fixed    3.6       43          706        7320            73.5   1.1        1.8
8    colour      fixed    5.0       29          487        7320            49.2   0.7        1.3
9    colour      fixed   10.0        6          122        7320             9.1   0.2        0.2
10   colour  per_level    0.3       96         9500        7320           141.8   1.1        1.7
11   colour  per_level    0.4       96         2656        7320           138.0   1.9        2.8
12   colour  per_level    0.6       97         2284        7320           132.4   2.0        2.8
13   colour  per_level    0.9       85         1369        7320           131.1   2.0        3.0
14   colour  per_level    1.2       81         1201        7320           122.0   1.9        2.9
15   colour  per_level    1.8       61         1014        7320           109.7   1.5        2.6
16   colour  per_level    2.4       58          878        7320           101.9   1.4        2.5
17   colour  per_level    3.6       43          706        7320            73.5   1.1        1.8
18   colour  per_level    5.0       29          487        7320            49.2   0.7        1.3
19   colour  per_level   10.0        6          122        7320             9.1   0.2        0.2
20    owlv2      fixed    0.3     1969        16618        7320          2492.7  16.5       20.8
21    owlv2      fixed    0.4     1438        11226        7320          1953.4  15.5       21.1
22    owlv2      fixed    0.6     1480        10633        7320          1897.0  16.5       21.1
23    owlv2      fixed    0.9     1071         6964        7320          1380.9  15.0       19.3
24    owlv2      fixed    1.2      855         5004        7320          1088.9  13.9       17.7
25    owlv2      fixed    1.8      605         3251        7320           797.5  11.4       15.1
26    owlv2      fixed    2.4      427         2077        7320           581.9   9.1       12.4
27    owlv2      fixed    3.6       66          234        7320            59.2   1.7        1.6
28    owlv2      fixed    5.0        3            8        7320             1.6   0.1        0.0
29    owlv2      fixed   10.0        0            0        7320             0.0   0.0        0.0
30    owlv2  per_level    0.3     1283         7299        7320          1472.7  17.6       20.1
31    owlv2  per_level    0.4     1075         5827        7320          1189.8  16.4       18.1
32    owlv2  per_level    0.6     1053         5548        7320          1155.7  16.4       18.0
33    owlv2  per_level    0.9     1013         6099        7320          1207.4  15.1       18.0
34    owlv2  per_level    1.2      855         5004        7320          1088.9  13.9       17.7
35    owlv2  per_level    1.8      947         7126        7320          1474.5  13.1       20.4
36    owlv2  per_level    2.4      783         5714        7320          1344.1  12.0       20.6
37    owlv2  per_level    3.6      801         7005        7320          1436.8  11.2       20.1
38    owlv2  per_level    5.0      473         5087        7320           925.2   7.6       14.9
39    owlv2  per_level   10.0      225         3086        7320           316.0   4.3        6.1
40   owlvit      fixed    0.3     2053        16511        7320          2849.0  17.2       23.9
41   owlvit      fixed    0.4     1930        14683        7320          2642.9  17.5       24.0
42   owlvit      fixed    0.6     1851        13570        7320          2481.4  17.7       23.8
43   owlvit      fixed    0.9     1604        10584        7320          2085.1  17.9       23.3
44   owlvit      fixed    1.2     1330         8067        7320          1774.0  17.3       23.1
45   owlvit      fixed    1.8      735         3479        7320           918.3  13.6       17.0
46   owlvit      fixed    2.4      263         1032        7320           277.1   6.3        6.6
47   owlvit      fixed    3.6       15           56        7320            12.1   0.4        0.3
48   owlvit      fixed    5.0        1            2        7320             0.1   0.0        0.0
49   owlvit      fixed   10.0        0            0        7320             0.0   0.0        0.0
50   owlvit  per_level    0.3     1643         8963        7320          2099.7  20.2       25.8
51   owlvit  per_level    0.4     1522         7852        7320          1883.8  20.1       24.8
52   owlvit  per_level    0.6     1447         7247        7320          1724.6  19.9       23.7
53   owlvit  per_level    0.9     1224         5620        7320          1396.7  18.9       21.6
54   owlvit  per_level    1.2     1330         8067        7320          1774.0  17.3       23.1
55   owlvit  per_level    1.8     1186         9897        7320          1900.9  13.8       22.1
56   owlvit  per_level    2.4      714         5983        7320           933.4  10.7       14.0
57   owlvit  per_level    3.6      381         5447        7320           563.5   6.0        8.8
58   owlvit  per_level    5.0      129         1308        7320           104.8   3.0        2.4
59   owlvit  per_level   10.0       39         1546        7320            15.9   0.9        0.4
400 chips
   detector       kind  level  matches  predictions  references  oracle_matches    f1  oracle_f1
0    colour      fixed    0.3      307         9500        7320           347.6   3.7        4.1
1    colour      fixed    0.4      282         1733        7320           322.4   6.2        7.1
2    colour      fixed    0.6      272         1355        7320           311.5   6.3        7.2
3    colour      fixed    0.9      258         1064        7320           303.2   6.2        7.2
4    colour      fixed    1.2      238          978        7320           284.7   5.7        6.9
5    colour      fixed    1.8      214          862        7320           249.2   5.2        6.1
6    colour      fixed    2.4      183          727        7320           213.1   4.5        5.3
7    colour      fixed    3.6      115          513        7320           143.7   2.9        3.7
8    colour      fixed    5.0       49          275        7320            69.3   1.3        1.8
9    colour      fixed   10.0        6           90        7320             8.7   0.2        0.2
10   colour  per_level    0.3      307         9500        7320           347.6   3.7        4.1
11   colour  per_level    0.4      282         1733        7320           322.4   6.2        7.1
12   colour  per_level    0.6      272         1355        7320           311.5   6.3        7.2
13   colour  per_level    0.9      258         1064        7320           303.2   6.2        7.2
14   colour  per_level    1.2      238          978        7320           284.6   5.7        6.9
15   colour  per_level    1.8      210          868        7320           248.0   5.1        6.1
16   colour  per_level    2.4      183          727        7320           213.1   4.5        5.3
17   colour  per_level    3.6      115          513        7320           143.7   2.9        3.7
18   colour  per_level    5.0       49          275        7320            69.3   1.3        1.8
19   colour  per_level   10.0        6           90        7320             8.7   0.2        0.2
20    owlv2      fixed    0.3     3917        16618        7320          4338.9  32.7       36.3
21    owlv2      fixed    0.4     3050         8566        7320          3218.7  38.4       40.5
22    owlv2      fixed    0.6     2793         6827        7320          2949.8  39.5       41.7
23    owlv2      fixed    0.9     2457         5487        7320          2550.5  38.4       39.8
24    owlv2      fixed    1.2     1879         3705        7320          1922.7  34.1       34.9
25    owlv2      fixed    1.8      887         1344        7320           767.3  20.5       17.7
26    owlv2      fixed    2.4      356          440        7320           269.1   9.2        6.9
27    owlv2      fixed    3.6        4            7        7320             3.2   0.1        0.1
28    owlv2      fixed    5.0        0            0        7320             0.0   0.0        0.0
29    owlv2      fixed   10.0        0            0        7320             0.0   0.0        0.0
30    owlv2  per_level    0.3     2762         7299        7320          2999.9  37.8       41.0
31    owlv2  per_level    0.4     2360         4984        7320          2382.9  38.4       38.7
32    owlv2  per_level    0.6     2066         3834        7320          1975.1  37.0       35.4
33    owlv2  per_level    0.9     2235         4687        7320          2291.6  37.2       38.2
34    owlv2  per_level    1.2     1879         3705        7320          1922.7  34.1       34.9
35    owlv2  per_level    1.8     1608         3212        7320          1663.4  30.5       31.6
36    owlv2  per_level    2.4     1039         1667        7320           983.3  23.1       21.9
37    owlv2  per_level    3.6      909         1914        7320           994.8  19.7       21.5
38    owlv2  per_level    5.0     1002         2652        7320          1247.8  20.1       25.0
39    owlv2  per_level   10.0      290          788        7320           237.0   7.2        5.8
40   owlvit      fixed    0.3     4350        16511        7320          4929.8  36.5       41.4
41   owlvit      fixed    0.4     3940        12515        7320          4399.9  39.7       44.4
42   owlvit      fixed    0.6     3617        10495        7320          4088.5  40.6       45.9
43   owlvit      fixed    0.9     3098         7942        7320          3590.4  40.6       47.1
44   owlvit      fixed    1.2     2507         5456        7320          2893.2  39.2       45.3
45   owlvit      fixed    1.8     1106         1703        7320          1026.2  24.5       22.7
46   owlvit      fixed    2.4      198          275        7320           171.9   5.2        4.5
47   owlvit      fixed    3.6        8            9        7320             4.7   0.2        0.1
48   owlvit      fixed    5.0        1            1        7320             0.6   0.0        0.0
49   owlvit      fixed   10.0        0            0        7320             0.0   0.0        0.0
50   owlvit  per_level    0.3     3499         8963        7320          4086.7  43.0       50.2
51   owlvit  per_level    0.4     3039         6651        7320          3440.4  43.5       49.3
52   owlvit  per_level    0.6     2736         5538        7320          2999.8  42.6       46.7
53   owlvit  per_level    0.9     2252         4149        7320          2346.4  39.3       40.9
54   owlvit  per_level    1.2     2507         5456        7320          2893.2  39.2       45.3
55   owlvit  per_level    1.8     2208         5383        7320          2603.9  34.8       41.0
56   owlvit  per_level    2.4     1154         2890        7320          1100.2  22.6       21.6
57   owlvit  per_level    3.6      660         2081        7320           551.6  14.0       11.7
58   owlvit  per_level    5.0      227          626        7320           159.1   5.7        4.0
59   owlvit  per_level   10.0       72         1190        7320            41.8   1.7        1.0
