detector      kind  level                   f1             oracle_f1  diff    lo   hi
  colour     fixed    0.3   1.1414982164090368     1.686087990487515  -0.5  -0.8 -0.3
  colour     fixed    0.4   1.9246190858059342    2.7666399358460305  -0.8  -1.3 -0.4
  colour     fixed    0.6   2.0199916701374425    2.7571845064556433  -0.7  -1.2 -0.2
  colour     fixed    0.9    1.956496719990793    3.0176084704799173  -1.1  -1.7 -0.4
  colour     fixed    1.2    1.901185306888863    2.8611665297500295  -1.0  -1.5 -0.4
  colour     fixed    1.8   1.5608116220434627     2.650978508824589  -1.1  -1.7 -0.5
  colour     fixed    2.4   1.4149792632349354     2.485972188338619  -1.1  -1.7 -0.5
  colour     fixed    3.6    1.071517567904311    1.8315474707201596  -0.8  -1.2 -0.3
  colour     fixed    5.0   0.7429230178045344    1.2604073267580376  -0.5  -0.9 -0.2
  colour     fixed   10.0  0.16124697661918838    0.2445579145391024  -0.1  -0.2  0.1
  colour per_level    0.3   1.1414982164090368     1.686087990487515  -0.5  -0.8 -0.3
  colour per_level    0.4   1.9246190858059342    2.7666399358460305  -0.8  -1.3 -0.4
  colour per_level    0.6   2.0199916701374425    2.7571845064556433  -0.7  -1.2 -0.2
  colour per_level    0.9    1.956496719990793    3.0176084704799173  -1.1  -1.7 -0.4
  colour per_level    1.2    1.901185306888863     2.863513672104213  -1.0  -1.5 -0.4
  colour per_level    1.8   1.4638828893688505    2.6325893928485717  -1.2  -1.8 -0.5
  colour per_level    2.4   1.4149792632349354     2.485972188338619  -1.1  -1.6 -0.5
  colour per_level    3.6    1.071517567904311    1.8315474707201596  -0.8  -1.2 -0.3
  colour per_level    5.0   0.7429230178045344    1.2604073267580376  -0.5  -0.9 -0.2
  colour per_level   10.0  0.16124697661918838    0.2445579145391024  -0.1  -0.2  0.1
   owlv2     fixed    0.3   16.450831314228424    20.826301278302278  -4.4  -6.2 -2.4
   owlv2     fixed    0.4   15.507387037636148    21.065458859053166  -5.6  -7.7 -2.9
   owlv2     fixed    0.6    16.48749512616276    21.132958279953208  -4.6  -7.1 -1.8
   owlv2     fixed    0.9   14.995799495939513     19.33492019042285  -4.3  -6.5 -1.7
   owlv2     fixed    1.2   13.875365141187926     17.67121064589419  -3.8  -6.0 -1.4
   owlv2     fixed    1.8   11.446409989594173    15.088449531737773  -3.6  -5.3 -1.9
   owlv2     fixed    2.4    9.088006810684261    12.384803660742786  -3.3  -5.0 -1.3
   owlv2     fixed    3.6   1.7474185861795075    1.5673815197246492   0.2  -0.3  0.6
   owlv2     fixed    5.0  0.08187772925764192  0.043668122270742356   0.0  -0.0  0.1
   owlv2     fixed   10.0                  0.0                   0.0   0.0   0.0  0.0
   owlv2 per_level    0.3    17.55250017101033    20.147752924276627  -2.6  -4.8 -0.0
   owlv2 per_level    0.4   16.353540731725868    18.099946755913898  -1.7  -3.9  0.6
   owlv2 per_level    0.6   16.366179670500465    17.962387317376436  -1.6  -4.0  1.0
   owlv2 per_level    0.9   15.097995379685521     17.99537968552053  -2.9  -5.3 -0.2
   owlv2 per_level    1.2   13.875365141187926     17.67121064589419  -3.8  -6.0 -1.3
   owlv2 per_level    1.8   13.110895749688495     20.41395542018552  -7.3  -9.3 -4.7
   owlv2 per_level    2.4     12.0147307043118    20.624520484885682  -8.6 -10.8 -5.9
   owlv2 per_level    3.6    11.18324607329843    20.060034904013964  -8.9 -10.5 -7.1
   owlv2 per_level    5.0      7.6247279761425    14.914161360522286  -7.3  -8.5 -6.1
   owlv2 per_level   10.0     4.32442821449164     6.073419181241591  -1.7  -2.6 -1.0
  owlvit     fixed    0.3   17.229658847719357     23.91003315009861  -6.7  -8.3 -5.0
  owlvit     fixed    0.4   17.543062309685045    24.023087760759896  -6.5  -8.0 -4.8
  owlvit     fixed    0.6   17.721397797989468    23.756821445667782  -6.0  -7.6 -4.4
  owlvit     fixed    0.9   17.917783735478107    23.292001787310102  -5.4  -6.8 -3.9
  owlvit     fixed    1.2   17.287320465327873    23.058425943978683  -5.8  -7.2 -4.1
  owlvit     fixed    1.8   13.612371515881101     17.00713028984165  -3.4  -5.0 -1.6
  owlvit     fixed    2.4    6.297892720306513     6.635536398467434  -0.3  -1.2  0.5
  owlvit     fixed    3.6   0.4067245119305857   0.32809110629067245   0.1  -0.1  0.3
  owlvit     fixed    5.0 0.027314941272876262 0.0027314941272876263   0.0   0.0  0.1
  owlvit     fixed   10.0                  0.0                   0.0   0.0   0.0  0.0
  owlvit per_level    0.3    20.18055640852423     25.79008782165448  -5.6  -7.5 -3.5
  owlvit per_level    0.4   20.063274452939627     24.83258634326391  -4.8  -6.6 -2.8
  owlvit per_level    0.6   19.866822269513282    23.678176700761995  -3.8  -5.6 -1.8
  owlvit per_level    0.9    18.91808346213292    21.587326120556416  -2.7  -4.1 -1.2
  owlvit per_level    1.2   17.287320465327873    23.058425943978683  -5.8  -7.3 -4.1
  owlvit per_level    1.8   13.777080792240227    22.081663472149618  -8.3  -9.9 -6.4
  owlvit per_level    2.4   10.734420807336692    14.032924904156959  -3.3  -4.9 -1.5
  owlvit per_level    3.6     5.96851257147333     8.827445758596381  -2.9  -4.1 -1.6
  owlvit per_level    5.0   2.9902642559109873     2.429299953639314   0.6  -0.0  1.2
  owlvit per_level   10.0   0.8797653958944281   0.35867358448003617   0.5   0.2  0.9
detector      kind  level                  f1            oracle_f1  diff   lo   hi
  colour     fixed    0.3  3.6504161712247325    4.133174791914388  -0.5 -0.7 -0.2
  colour     fixed    0.4    6.22997901248205   7.1225008284546565  -0.9 -1.5 -0.3
  colour     fixed    0.6   6.270893371757925    7.181556195965418  -0.9 -1.6 -0.3
  colour     fixed    0.9   6.154580152671755    7.232824427480917  -1.1 -1.6 -0.5
  colour     fixed    1.2   5.736322005302482    6.861894432393348  -1.1 -1.7 -0.5
  colour     fixed    1.8   5.230994866780738     6.09142019066243  -0.9 -1.4 -0.3
  colour     fixed    2.4   4.548278861687585    5.296383745495215  -0.7 -1.3 -0.2
  colour     fixed    3.6   2.936295161496234    3.669092301800076  -0.7 -1.3 -0.2
  colour     fixed    5.0  1.2903225806451613   1.8248847926267282  -0.5 -0.8 -0.2
  colour     fixed   10.0 0.16194331983805668  0.23481781376518215  -0.1 -0.3  0.1
  colour per_level    0.3  3.6504161712247325    4.133174791914388  -0.5 -0.7 -0.2
  colour per_level    0.4    6.22997901248205   7.1225008284546565  -0.9 -1.5 -0.3
  colour per_level    0.6   6.270893371757925    7.181556195965418  -0.9 -1.5 -0.3
  colour per_level    0.9   6.154580152671755    7.232824427480917  -1.1 -1.6 -0.5
  colour per_level    1.2   5.736322005302482    6.859484213063389  -1.1 -1.8 -0.5
  colour per_level    1.8   5.129457743038593    6.057645334636053  -0.9 -1.4 -0.4
  colour per_level    2.4   4.548278861687585    5.296383745495215  -0.7 -1.2 -0.2
  colour per_level    3.6   2.936295161496234    3.669092301800076  -0.7 -1.2 -0.2
  colour per_level    5.0  1.2903225806451613   1.8248847926267282  -0.5 -0.8 -0.3
  colour per_level   10.0 0.16194331983805668  0.23481781376518215  -0.1 -0.3  0.1
   owlv2     fixed    0.3   32.72620937421673    36.25114880106943  -3.5 -4.3 -2.8
   owlv2     fixed    0.4    38.3985899534181    40.52247261739897  -2.1 -3.2 -1.0
   owlv2     fixed    0.6   39.48540326571005   41.702127659574465  -2.2 -3.6 -0.8
   owlv2     fixed    0.9   38.36964160224877    39.82978058874053  -1.5 -3.0  0.1
   owlv2     fixed    1.2   34.08616780045352    34.87891156462585  -0.8 -2.1  0.7
   owlv2     fixed    1.8  20.475530932594644     17.7123730378578   2.8  1.4  4.0
   owlv2     fixed    2.4   9.175257731958762   6.9355670103092795   2.2  1.3  3.2
   owlv2     fixed    3.6 0.10918520540466767  0.08734816432373413   0.0 -0.0  0.1
   owlv2     fixed    5.0                 0.0                  0.0   0.0  0.0  0.0
   owlv2     fixed   10.0                 0.0                  0.0   0.0  0.0  0.0
   owlv2 per_level    0.3   37.78644230111499    41.04111088309734  -3.3 -4.5 -1.9
   owlv2 per_level    0.4   38.36150845253576   38.733745123537055  -0.4 -1.7  1.2
   owlv2 per_level    0.6  37.045006275775506    35.41509772279003   1.6  0.3  3.0
   owlv2 per_level    0.9   37.22828350129091    38.17106687765471  -0.9 -2.5  0.8
   owlv2 per_level    1.2   34.08616780045352    34.87891156462585  -0.8 -2.2  0.6
   owlv2 per_level    1.8  30.535510824154958    31.58754272692746  -1.1 -2.3  0.1
   owlv2 per_level    2.4  23.122287748970734   21.882719483698676   1.2  0.1  2.2
   owlv2 per_level    3.6   19.68810916179337   21.546458739441196  -1.9 -3.6 -0.2
   owlv2 per_level    5.0   20.09626955475331   25.026073004412357  -4.9 -6.8 -3.2
   owlv2 per_level   10.0   7.153428712382832    5.846077947705969   1.3  0.5  2.1
  owlvit     fixed    0.3  36.507070622298684    41.37300155259955  -4.9 -5.6 -4.1
  owlvit     fixed    0.4  39.727753970254604    44.36501134358457  -4.6 -5.4 -3.8
  owlvit     fixed    0.6   40.60623070446253     45.8995228739826  -5.3 -6.4 -4.2
  owlvit     fixed    0.9   40.59756257371249    47.05019001441489  -6.5 -7.8 -4.9
  owlvit     fixed    1.2   39.24546023794615    45.29117094552286  -6.0 -7.5 -4.4
  owlvit     fixed    1.8   24.51512800620636    22.74631497284717   1.8  0.7  2.7
  owlvit     fixed    2.4    5.21395655036208     4.52666227781435   0.7  0.2  1.2
  owlvit     fixed    3.6 0.21831082003001773  0.12825760676763542   0.1  0.0  0.2
  owlvit     fixed    5.0 0.02731867231252561 0.016391203387515367   0.0  0.0  0.0
  owlvit     fixed   10.0                 0.0                  0.0   0.0  0.0  0.0
  owlvit per_level    0.3   42.97733832831788    50.19590984462322  -7.2 -8.5 -5.7
  owlvit per_level    0.4   43.50440197552072   49.250590508911316  -5.7 -7.3 -4.1
  owlvit per_level    0.6  42.557162855809615     46.6604448592316  -4.1 -5.7 -2.4
  owlvit per_level    0.9   39.27107855959543   40.917255209695696  -1.6 -3.1 -0.1
  owlvit per_level    1.2   39.24546023794615    45.29117094552286  -6.0 -7.5 -4.3
  owlvit per_level    1.8   34.76344170668346    40.99661497284106  -6.2 -7.6 -4.7
  owlvit per_level    2.4  22.605288932419196   21.551420176297746   1.1  0.2  2.0
  owlvit per_level    3.6  14.041059461759387   11.734921816827997   2.3  1.5  3.1
  owlvit per_level    5.0   5.713566574377045    4.004530581424616   1.7  1.0  2.5
  owlvit per_level   10.0  1.6921269095182139    0.982373678025852   0.7  0.3  1.2
