50/400
100/400
150/400
200/400
250/400
300/400
350/400
400/400
more colour variants added
400 test chips
owlvit area 0.25 break 2.337703548171139 peak 0.9 39.9
owlvit area 0.5 break 2.1776578250281613 peak 0.9 17.9
owlvit blur_resize 0.25 break 1.9664957614203096 peak 0.6 40.6
owlvit blur_resize 0.5 break 1.8489614300054655 peak 0.6 18.2
owlv2 area 0.25 break 2.8678003267216523 peak 0.9 39.0
owlv2 area 0.5 break 2.5178584850128494 peak 0.6 16.5
owlv2 blur_resize 0.25 break 1.903549497924306 peak 0.6 39.5
owlv2 blur_resize 0.5 break 1.6416531087470474 peak 0.3 16.5
colour area 0.25 break 4.770071343446029 peak 0.9 6.4
colour area 0.5 break 3.8148489201928455 peak 0.6 2.0
colour blur_resize 0.25 break 3.3853777433476893 peak 0.6 6.3
colour blur_resize 0.5 break 2.6286743688700676 peak 0.45 1.9
done -> results/test
report done
MUL scales {'AOI_3_Paris': 800.0, 'AOI_5_Khartoum': 1000.0} chips 400
Loading weights:   0%|          | 0/412 [00:00<?, ?it/s]Loading weights: 100%|██████████| 412/412 [00:00<00:00, 10417.49it/s]
Loading weights:   0%|          | 0/418 [00:00<?, ?it/s]Loading weights: 100%|██████████| 418/418 [00:00<00:00, 9817.78it/s]
50/400
100/400
150/400
200/400
250/400
300/400
350/400
400/400
owlvit 0.25 area 40.8 39.8 [-0.15013527342413333, 2.0442382618314303]
owlvit 0.25 blur_resize 40.8 39.2 [0.12053343015634824, 3.1343262263205327]
owlvit 0.5 area 16.9 17.3 [-1.2669298868264587, 0.6057092363261172]
owlvit 0.5 blur_resize 16.9 16.6 [-0.8683440360648877, 1.3592290917823011]
owlv2 0.25 area 41.1 37.8 [1.6318793888315146, 5.420400732998556]
owlv2 0.25 blur_resize 41.1 34.1 [4.77031537344496, 9.979348767052086]
owlv2 0.5 area 17.0 13.9 [1.9063599981132033, 4.280626249432732]
owlv2 0.5 blur_resize 17.0 11.7 [4.171952580125665, 6.474143670717757]
colour 0.25 area 8.7 6.3 [1.4064573936247522, 3.1825965048124165]
colour 0.25 blur_resize 8.7 5.7 [1.962251097391391, 3.767216385938737]
colour 0.5 area 3.7 1.9 [1.1191991594171864, 2.3276937548465897]
colour 0.5 blur_resize 3.7 1.6 [1.2436043082930108, 2.6964653501627027]
ALL DONE
