400 chips with a Sentinel-2 crop
scales {'AOI_3_Paris': 1650.0, 'AOI_5_Khartoum': 3900.0}
Loading weights:   0%|          | 0/412 [00:00<?, ?it/s]Loading weights: 100%|██████████| 412/412 [00:00<00:00, 10443.05it/s]
Loading weights:   0%|          | 0/418 [00:00<?, ?it/s]Loading weights: 100%|██████████| 418/418 [00:00<00:00, 10225.36it/s]
50/400
100/400
150/400
200/400
250/400
300/400
350/400
400/400
owlvit fixed 0.25 area 0.0 0.0 0.0 [0.0, 0.0]
owlvit fixed 0.25 blur_resize 0.0 0.0 0.0 [0.0, 0.0]
owlvit fixed 0.5 area 0.0 0.0 0.0 [0.0, 0.0]
owlvit fixed 0.5 blur_resize 0.0 0.0 0.0 [0.0, 0.0]
owlvit per_level 0.25 area 1.7 2.8 1.2 [-1.7659452281376715, -0.6021987688088039]
owlvit per_level 0.25 blur_resize 1.7 1.7 1.2 [-0.5060917849987423, 0.4065990812510417]
owlvit per_level 0.5 area 0.3 0.9 0.3 [-0.8441501362959827, -0.24827757821694965]
owlvit per_level 0.5 blur_resize 0.3 0.7 0.3 [-0.6221239132822306, -0.038649095021506596]
owlv2 fixed 0.25 area 0.0 0.0 0.0 [0.0, 0.0]
owlv2 fixed 0.25 blur_resize 0.0 0.0 0.0 [0.0, 0.0]
owlv2 fixed 0.5 area 0.0 0.0 0.0 [0.0, 0.0]
owlv2 fixed 0.5 blur_resize 0.0 0.0 0.0 [0.0, 0.0]
owlv2 per_level 0.25 area 9.8 16.3 13.8 [-8.217091302838929, -4.791687551256556]
owlv2 per_level 0.25 blur_resize 9.8 7.2 13.8 [1.1890318108797262, 4.089789887513975]
owlv2 per_level 0.5 area 1.8 4.3 3.8 [-3.330389613656371, -1.9173375509854653]
owlv2 per_level 0.5 blur_resize 1.8 2.0 3.8 [-0.7762494875529908, 0.26168747823169286]
colour fixed 0.25 area 1.5 0.4 2.9 [0.7275895999561659, 1.4528455700991436]
colour fixed 0.25 blur_resize 1.5 0.2 2.9 [0.9528753760699765, 1.6626595595758096]
colour fixed 0.5 area 0.1 0.2 1.0 [-0.17861421239877548, 0.0966012809938505]
colour fixed 0.5 blur_resize 0.1 0.1 1.0 [-0.10984630848454471, 0.1300308131164253]
colour per_level 0.25 area 0.7 0.4 1.7 [-0.011460302973778043, 0.5852960918110356]
colour per_level 0.25 blur_resize 0.7 0.2 1.7 [0.2580900485118161, 0.7368794421801216]
colour per_level 0.5 area 0.1 0.2 0.6 [-0.2285818620570359, 0.0240499518145269]
colour per_level 0.5 blur_resize 0.1 0.1 0.6 [-0.15858433363568622, 0.056534137973258264]
