chips 411 tercile cuts (m) [10.78 13.8 ]
        count  median
small     137    8.72
medium    137   12.26
large     137   16.01
{'detector': 'owlvit', 'method': 'area', 'group': 'small', 'n_chips': 137, 'median_side_m': 8.71888252335334, 'peak_gsd': 0.9, 'peak_f1': 38.48448028277919, 'break_gsd': 2.148123447770625, 'break_lo': 1.9667108952717567, 'break_hi': 2.3121206508560186, 'f1_1.8': np.float64(27.2711893080697), 'f1_2.4': np.float64(12.228878330923363), 'f1_3.6': np.float64(0.9995456610631531)}
{'detector': 'owlvit', 'method': 'area', 'group': 'medium', 'n_chips': 137, 'median_side_m': 12.261233244500199, 'peak_gsd': 0.9, 'peak_f1': 42.819890297635105, 'break_gsd': 2.416926199444767, 'break_lo': 2.232826647403924, 'break_hi': 2.613612662675389, 'f1_1.8': np.float64(36.520528879610296), 'f1_2.4': np.float64(19.43102522812668), 'f1_3.6': np.float64(2.217203859577089)}
{'detector': 'owlvit', 'method': 'area', 'group': 'large', 'n_chips': 137, 'median_side_m': 16.011768087428973, 'peak_gsd': 1.2, 'peak_f1': 44.16676679082062, 'break_gsd': 2.4073642646526814, 'break_lo': 2.210436975230263, 'break_hi': 2.6287714154855597, 'f1_1.8': np.float64(36.87041564792176), 'f1_2.4': np.float64(21.13285272914521), 'f1_3.6': np.float64(3.776325344952796)}
{'detector': 'owlvit', 'method': 'blur_resize', 'group': 'small', 'n_chips': 137, 'median_side_m': 8.71888252335334, 'peak_gsd': 0.45, 'peak_f1': 38.80419718867551, 'break_gsd': 1.7583696409545266, 'break_lo': 1.5321401971931061, 'break_hi': 1.9154191251886128, 'f1_1.8': np.float64(16.749158582458918), 'f1_2.4': np.float64(3.6184945275854368), 'f1_3.6': np.float64(0.09176416609314063)}
{'detector': 'owlvit', 'method': 'blur_resize', 'group': 'medium', 'n_chips': 137, 'median_side_m': 12.261233244500199, 'peak_gsd': 0.6, 'peak_f1': 43.66339359456731, 'break_gsd': 1.9716086947885254, 'break_lo': 1.8022212417575338, 'break_hi': 2.0660816561001147, 'f1_1.8': np.float64(25.269541778975743), 'f1_2.4': np.float64(8.066102695258705), 'f1_3.6': np.float64(0.4154549231408392)}
{'detector': 'owlvit', 'method': 'blur_resize', 'group': 'large', 'n_chips': 137, 'median_side_m': 16.011768087428973, 'peak_gsd': 0.6, 'peak_f1': 44.42071542979178, 'break_gsd': 1.929090510213037, 'break_lo': 1.7118247489405092, 'break_hi': 2.0738446137779176, 'f1_1.8': np.float64(24.644359847725905), 'f1_2.4': np.float64(9.114041175109877), 'f1_3.6': np.float64(0.8906481939633845)}
{'detector': 'owlv2', 'method': 'area', 'group': 'small', 'n_chips': 137, 'median_side_m': 8.71888252335334, 'peak_gsd': 0.9, 'peak_f1': 35.49605217988328, 'break_gsd': 2.867613371255856, 'break_lo': 2.6325938668987434, 'break_hi': 3.0535985423210334, 'f1_1.8': np.float64(29.695777205993643), 'f1_2.4': np.float64(26.925722145804677), 'f1_3.6': np.float64(4.749223257878384)}
{'detector': 'owlv2', 'method': 'area', 'group': 'medium', 'n_chips': 137, 'median_side_m': 12.261233244500199, 'peak_gsd': 1.2, 'peak_f1': 43.73946037099494, 'break_gsd': 3.020073686014666, 'break_lo': 2.8401989979889914, 'break_hi': 3.1656017473995752, 'f1_1.8': np.float64(41.847481284101), 'f1_2.4': np.float64(35.790112223233244), 'f1_3.6': np.float64(8.255974718546316)}
{'detector': 'owlv2', 'method': 'area', 'group': 'large', 'n_chips': 137, 'median_side_m': 16.011768087428973, 'peak_gsd': 0.9, 'peak_f1': 45.5863539445629, 'break_gsd': 2.9883114896093064, 'break_lo': 2.742894240002708, 'break_hi': 3.238734003191553, 'f1_1.8': np.float64(42.63945197819097), 'f1_2.4': np.float64(35.148009527050014), 'f1_3.6': np.float64(9.679649688868404)}
{'detector': 'owlv2', 'method': 'blur_resize', 'group': 'small', 'n_chips': 137, 'median_side_m': 8.71888252335334, 'peak_gsd': 0.6, 'peak_f1': 35.0696348283803, 'break_gsd': 2.07900875787596, 'break_lo': 1.7791274235512167, 'break_hi': 2.3641375806004037, 'f1_1.8': np.float64(22.457399103139014), 'f1_2.4': np.float64(11.388947257827274), 'f1_3.6': np.float64(0.09172208209126347)}
{'detector': 'owlv2', 'method': 'blur_resize', 'group': 'medium', 'n_chips': 137, 'median_side_m': 12.261233244500199, 'peak_gsd': 0.9, 'peak_f1': 44.08817635270541, 'break_gsd': 2.1767555285309066, 'break_lo': 2.0261870846400316, 'break_hi': 2.3416169089421595, 'f1_1.8': np.float64(32.00124397449852), 'f1_2.4': np.float64(14.414753481369965), 'f1_3.6': np.float64(0.2909997921430056)}
{'detector': 'owlv2', 'method': 'blur_resize', 'group': 'large', 'n_chips': 137, 'median_side_m': 16.011768087428973, 'peak_gsd': 0.9, 'peak_f1': 45.87350105807665, 'break_gsd': 2.2451794920641666, 'break_lo': 2.033916212375903, 'break_hi': 2.5164441733123093, 'f1_1.8': np.float64(36.14339499099689), 'f1_2.4': np.float64(17.30727936439768), 'f1_3.6': np.float64(1.2807881773399015)}
detector      method  group  n_chips  median_side_m  peak_gsd  peak_f1  break_gsd  break_lo  break_hi  f1_1.8  f1_2.4  f1_3.6
  owlvit        area  small      137           8.72      0.90    38.48       2.15      1.97      2.31   27.27   12.23    1.00
  owlvit        area medium      137          12.26      0.90    42.82       2.42      2.23      2.61   36.52   19.43    2.22
  owlvit        area  large      137          16.01      1.20    44.17       2.41      2.21      2.63   36.87   21.13    3.78
  owlvit blur_resize  small      137           8.72      0.45    38.80       1.76      1.53      1.92   16.75    3.62    0.09
  owlvit blur_resize medium      137          12.26      0.60    43.66       1.97      1.80      2.07   25.27    8.07    0.42
  owlvit blur_resize  large      137          16.01      0.60    44.42       1.93      1.71      2.07   24.64    9.11    0.89
   owlv2        area  small      137           8.72      0.90    35.50       2.87      2.63      3.05   29.70   26.93    4.75
   owlv2        area medium      137          12.26      1.20    43.74       3.02      2.84      3.17   41.85   35.79    8.26
   owlv2        area  large      137          16.01      0.90    45.59       2.99      2.74      3.24   42.64   35.15    9.68
   owlv2 blur_resize  small      137           8.72      0.60    35.07       2.08      1.78      2.36   22.46   11.39    0.09
   owlv2 blur_resize medium      137          12.26      0.90    44.09       2.18      2.03      2.34   32.00   14.41    0.29
   owlv2 blur_resize  large      137          16.01      0.90    45.87       2.25      2.03      2.52   36.14   17.31    1.28
