cache done Fri Oct  9 14:32:47 BST 2026
200 test chips
owlvit area 0.25 break 2.3109583949177255 peak 0.9 43.7
owlvit area 0.5 break 2.146426245256625 peak 0.6 26.9
owlvit blur_resize 0.25 break 1.740140954304753 peak 0.6 44.2
owlvit blur_resize 0.5 break 1.64735315403816 peak 0.45 26.6
owlv2 area 0.25 break 3.10002933343422 peak 1.2 43.5
owlv2 area 0.5 break 2.844078733725003 peak 0.9 26.9
owlv2 blur_resize 0.25 break 2.384653609940544 peak 1.2 44.1
owlv2 blur_resize 0.5 break 2.2027207711874177 peak 0.6 26.7
colour area 0.25 break 6.374155970117028 peak 0.6 1.6
colour area 0.5 break 4.798308499195943 peak 0.9 0.5
colour blur_resize 0.25 break 3.9960133352684983 peak 0.6 1.6
colour blur_resize 0.5 break 3.059985057835796 peak 0.45 0.5
done -> results/vegas
report done Fri Oct  9 14:41:51 BST 2026
200 chips
   detector       kind  level  matches  predictions  references  oracle_matches    f1  oracle_f1
0    colour      fixed    0.3       49          912        5977            61.4   1.4        1.8
1    colour      fixed    0.4       49          582        5977            60.3   1.5        1.8
2    colour      fixed    0.6       53          545        5977            62.4   1.6        1.9
3    colour      fixed    0.9       51          441        5977            63.3   1.6        2.0
4    colour      fixed    1.2       51          385        5977            63.1   1.6        2.0
5    colour      fixed    1.8       49          401        5977            62.3   1.5        2.0
6    colour      fixed    2.4       47          395        5977            60.7   1.5        1.9
7    colour      fixed    3.6       42          344        5977            53.4   1.3        1.7
8    colour      fixed    5.0       35          248        5977            39.5   1.1        1.3
9    colour      fixed   10.0        8          107        5977            11.2   0.3        0.4
10   colour  per_level    0.3       49          912        5977            61.4   1.4        1.8
11   colour  per_level    0.4       49          582        5977            60.3   1.5        1.8
12   colour  per_level    0.6       53          545        5977            62.4   1.6        1.9
13   colour  per_level    0.9       51          441        5977            63.3   1.6        2.0
14   colour  per_level    1.2       60          510        5977            74.3   1.8        2.3
15   colour  per_level    1.8       31          282        5977            44.5   1.0        1.4
16   colour  per_level    2.4       57          491        5977            69.0   1.8        2.1
17   colour  per_level    3.6       49          439        5977            59.1   1.5        1.8
18   colour  per_level    5.0       43          319        5977            49.5   1.4        1.6
19   colour  per_level   10.0       10          121        5977            14.0   0.3        0.5
20    owlv2      fixed    0.3     4804        31516        5977          5130.5  25.6       27.4
21    owlv2      fixed    0.4     4367        19322        5977          4628.4  34.5       36.6
22    owlv2      fixed    0.6     4130        16477        5977          4426.9  36.8       39.4
23    owlv2      fixed    0.9     3270         9215        5977          3675.1  43.0       48.4
24    owlv2      fixed    1.2     2882         7267        5977          3307.5  43.5       49.9
25    owlv2      fixed    1.8     2382         5280        5977          2735.7  42.3       48.6
26    owlv2      fixed    2.4     1655         3054        5977          1765.0  36.7       39.1
27    owlv2      fixed    3.6      337          493        5977           319.2  10.4        9.9
28    owlv2      fixed    5.0       22           33        5977            25.2   0.7        0.8
29    owlv2      fixed   10.0        0            0        5977             0.0   0.0        0.0
30    owlv2  per_level    0.3     3437         8040        5977          3600.8  49.0       51.4
31    owlv2  per_level    0.4     3737        11243        5977          4040.4  43.4       46.9
32    owlv2  per_level    0.6     2979         5440        5977          3029.4  52.2       53.1
33    owlv2  per_level    0.9     2497         4857        5977          2617.8  46.1       48.3
34    owlv2  per_level    1.2     2882         7267        5977          3307.5  43.5       49.9
35    owlv2  per_level    1.8     3111         9897        5977          3635.0  39.2       45.8
36    owlv2  per_level    2.4     2645         7520        5977          3192.5  39.2       47.3
37    owlv2  per_level    3.6     2724        10667        5977          3401.8  32.7       40.9
38    owlv2  per_level    5.0     1344         4421        5977          1974.4  25.9       38.0
39    owlv2  per_level   10.0     1071         4365        5977          1333.3  20.7       25.8
40   owlvit      fixed    0.3     3073         8833        5977          3579.6  41.5       48.3
41   owlvit      fixed    0.4     2953         8128        5977          3435.2  41.9       48.7
42   owlvit      fixed    0.6     2904         7598        5977          3324.1  42.8       49.0
43   owlvit      fixed    0.9     2640         6101        5977          3018.8  43.7       50.0
44   owlvit      fixed    1.2     2296         4883        5977          2583.8  42.3       47.6
45   owlvit      fixed    1.8     1431         2619        5977          1485.0  33.3       34.6
46   owlvit      fixed    2.4      667         1105        5977           659.5  18.8       18.6
47   owlvit      fixed    3.6      117          170        5977           100.7   3.8        3.3
48   owlvit      fixed    5.0       24           32        5977            17.5   0.8        0.6
49   owlvit      fixed   10.0        0            0        5977             0.0   0.0        0.0
50   owlvit  per_level    0.3     2434         4880        5977          2668.7  44.8       49.2
51   owlvit  per_level    0.4     2324         4494        5977          2508.3  44.4       47.9
52   owlvit  per_level    0.6     2242         4205        5977          2377.8  44.0       46.7
53   owlvit  per_level    0.9     1958         3350        5977          1993.3  42.0       42.7
54   owlvit  per_level    1.2     2296         4883        5977          2583.8  42.3       47.6
55   owlvit  per_level    1.8     2439         8021        5977          3041.4  34.8       43.5
56   owlvit  per_level    2.4     2101         6831        5977          2225.1  32.8       34.7
57   owlvit  per_level    3.6     1606         7452        5977          1865.3  23.9       27.8
58   owlvit  per_level    5.0      766         3070        5977           946.9  16.9       20.9
59   owlvit  per_level   10.0      135         2159        5977           120.4   3.3        3.0
200 chips
   detector       kind  level  matches  predictions  references  oracle_matches    f1  oracle_f1
0    colour      fixed    0.3       12          912        5977            18.4   0.3        0.5
1    colour      fixed    0.4       13          582        5977            16.1   0.4        0.5
2    colour      fixed    0.6       14          545        5977            14.5   0.4        0.4
3    colour      fixed    0.9       15          441        5977            17.9   0.5        0.6
4    colour      fixed    1.2       13          385        5977            17.6   0.4        0.6
5    colour      fixed    1.8       13          401        5977            16.3   0.4        0.5
6    colour      fixed    2.4       12          395        5977            16.1   0.4        0.5
7    colour      fixed    3.6        9          344        5977            13.9   0.3        0.4
8    colour      fixed    5.0        7          248        5977            10.5   0.2        0.3
9    colour      fixed   10.0        1          107        5977             4.0   0.0        0.1
10   colour  per_level    0.3       12          912        5977            18.4   0.3        0.5
11   colour  per_level    0.4       13          582        5977            16.1   0.4        0.5
12   colour  per_level    0.6       14          545        5977            14.5   0.4        0.4
13   colour  per_level    0.9       15          441        5977            17.9   0.5        0.6
14   colour  per_level    1.2       17          510        5977            21.2   0.5        0.7
15   colour  per_level    1.8        9          282        5977            14.9   0.3        0.5
16   colour  per_level    2.4       15          491        5977            20.6   0.5        0.6
17   colour  per_level    3.6       11          439        5977            14.8   0.3        0.5
18   colour  per_level    5.0       10          319        5977            13.4   0.3        0.4
19   colour  per_level   10.0        3          121        5977             4.2   0.1        0.1
20    owlv2      fixed    0.3     3401        31516        5977          3511.5  18.1       18.7
21    owlv2      fixed    0.4     2914        19322        5977          2913.1  23.0       23.0
22    owlv2      fixed    0.6     2742        16477        5977          2730.0  24.4       24.3
23    owlv2      fixed    0.9     2044         9215        5977          2067.2  26.9       27.2
24    owlv2      fixed    1.2     1670         7267        5977          1802.5  25.2       27.2
25    owlv2      fixed    1.8     1345         5280        5977          1470.4  23.9       26.1
26    owlv2      fixed    2.4      876         3054        5977           883.0  19.4       19.6
27    owlv2      fixed    3.6      157          493        5977           150.0   4.9        4.6
28    owlv2      fixed    5.0       14           33        5977            13.2   0.5        0.4
29    owlv2      fixed   10.0        0            0        5977             0.0   0.0        0.0
30    owlv2  per_level    0.3     2334         8040        5977          1891.4  33.3       27.0
31    owlv2  per_level    0.4     2599        11243        5977          2377.3  30.2       27.6
32    owlv2  per_level    0.6     1938         5440        5977          1523.4  33.9       26.7
33    owlv2  per_level    0.9     1542         4857        5977          1327.3  28.5       24.5
34    owlv2  per_level    1.2     1670         7267        5977          1802.5  25.2       27.2
35    owlv2  per_level    1.8     1874         9897        5977          2171.5  23.6       27.4
36    owlv2  per_level    2.4     1472         7520        5977          1776.0  21.8       26.3
37    owlv2  per_level    3.6     1443        10667        5977          2005.3  17.3       24.1
38    owlv2  per_level    5.0      524         4421        5977           982.9  10.1       18.9
39    owlv2  per_level   10.0      326         4365        5977           505.8   6.3        9.8
40   owlvit      fixed    0.3     1952         8833        5977          2090.7  26.4       28.2
41   owlvit      fixed    0.4     1868         8128        5977          2002.4  26.5       28.4
42   owlvit      fixed    0.6     1823         7598        5977          1920.5  26.9       28.3
43   owlvit      fixed    0.9     1588         6101        5977          1728.3  26.3       28.6
44   owlvit      fixed    1.2     1327         4883        5977          1451.6  24.4       26.7
45   owlvit      fixed    1.8      769         2619        5977           793.6  17.9       18.5
46   owlvit      fixed    2.4      366         1105        5977           330.6  10.3        9.3
47   owlvit      fixed    3.6       71          170        5977            50.3   2.3        1.6
48   owlvit      fixed    5.0       14           32        5977             8.0   0.5        0.3
49   owlvit      fixed   10.0        0            0        5977             0.0   0.0        0.0
50   owlvit  per_level    0.3     1530         4880        5977          1473.2  28.2       27.1
51   owlvit  per_level    0.4     1471         4494        5977          1396.9  28.1       26.7
52   owlvit  per_level    0.6     1410         4205        5977          1324.3  27.7       26.0
53   owlvit  per_level    0.9     1188         3350        5977          1097.7  25.5       23.5
54   owlvit  per_level    1.2     1327         4883        5977          1451.6  24.4       26.7
55   owlvit  per_level    1.8     1292         8021        5977          1792.7  18.5       25.6
56   owlvit  per_level    2.4      987         6831        5977          1088.6  15.4       17.0
57   owlvit  per_level    3.6      583         7452        5977           875.4   8.7       13.0
58   owlvit  per_level    5.0      244         3070        5977           337.9   5.4        7.5
59   owlvit  per_level   10.0       46         2159        5977            36.2   1.1        0.9
200 chips
   detector       kind  level  matches  predictions  references  oracle_matches    f1  oracle_f1
0    colour      fixed    0.3       49          912        5977            61.4   1.4        1.8
1    colour      fixed    0.4       50          485        5977            61.1   1.5        1.9
2    colour      fixed    0.6       53          497        5977            62.1   1.6        1.9
3    colour      fixed    0.9       50          390        5977            61.3   1.6        1.9
4    colour      fixed    1.2       50          369        5977            60.9   1.6        1.9
5    colour      fixed    1.8       45          361        5977            55.6   1.4        1.8
6    colour      fixed    2.4       40          314        5977            49.5   1.3        1.6
7    colour      fixed    3.6       31          207        5977            35.5   1.0        1.1
8    colour      fixed    5.0       15          189        5977            19.1   0.5        0.6
9    colour      fixed   10.0        2           37        5977             3.4   0.1        0.1
10   colour  per_level    0.3       49          912        5977            61.4   1.4        1.8
11   colour  per_level    0.4       50          485        5977            61.1   1.5        1.9
12   colour  per_level    0.6       53          497        5977            62.1   1.6        1.9
13   colour  per_level    0.9       50          390        5977            61.3   1.6        1.9
14   colour  per_level    1.2       59          449        5977            66.5   1.8        2.1
15   colour  per_level    1.8       25          244        5977            42.5   0.8        1.4
16   colour  per_level    2.4       48          412        5977            58.3   1.5        1.8
17   colour  per_level    3.6       38          278        5977            44.4   1.2        1.4
18   colour  per_level    5.0       22          263        5977            24.4   0.7        0.8
19   colour  per_level   10.0        3           65        5977             4.0   0.1        0.1
20    owlv2      fixed    0.3     4804        31516        5977          5130.5  25.6       27.4
21    owlv2      fixed    0.4     4075        14996        5977          4368.7  38.9       41.7
22    owlv2      fixed    0.6     3574        10712        5977          3915.6  42.8       46.9
23    owlv2      fixed    0.9     3071         7965        5977          3534.7  44.1       50.7
24    owlv2      fixed    1.2     2821         6823        5977          3212.7  44.1       50.2
25    owlv2      fixed    1.8     1875         3610        5977          2068.5  39.1       43.2
26    owlv2      fixed    2.4      702         1112        5977           702.6  19.8       19.8
27    owlv2      fixed    3.6       31           44        5977            29.2   1.0        1.0
28    owlv2      fixed    5.0        1            1        5977             0.8   0.0        0.0
29    owlv2      fixed   10.0        0            0        5977             0.0   0.0        0.0
30    owlv2  per_level    0.3     3437         8040        5977          3600.8  49.0       51.4
31    owlv2  per_level    0.4     3447         8875        5977          3743.5  46.4       50.4
32    owlv2  per_level    0.6     2297         3669        5977          2155.7  47.6       44.7
33    owlv2  per_level    0.9     2278         4145        5977          2365.7  45.0       46.7
34    owlv2  per_level    1.2     2821         6823        5977          3212.7  44.1       50.2
35    owlv2  per_level    1.8     2688         6995        5977          3158.0  41.4       48.7
36    owlv2  per_level    2.4     1623         3531        5977          1875.3  34.1       39.4
37    owlv2  per_level    3.6     1205         3520        5977          1631.0  25.4       34.3
38    owlv2  per_level    5.0      805         2475        5977          1321.1  19.0       31.3
39    owlv2  per_level   10.0      568         1612        5977           552.2  15.0       14.6
40   owlvit      fixed    0.3     3073         8833        5977          3579.6  41.5       48.3
41   owlvit      fixed    0.4     2840         7227        5977          3294.5  43.0       49.9
42   owlvit      fixed    0.6     2610         5827        5977          2930.6  44.2       49.7
43   owlvit      fixed    0.9     2211         4584        5977          2495.3  41.9       47.3
44   owlvit      fixed    1.2     1696         3101        5977          1754.4  37.4       38.7
45   owlvit      fixed    1.8      688         1116        5977           662.7  19.4       18.7
46   owlvit      fixed    2.4      286          439        5977           255.0   8.9        7.9
47   owlvit      fixed    3.6       22           29        5977            18.2   0.7        0.6
48   owlvit      fixed    5.0        3            3        5977             1.6   0.1        0.1
49   owlvit      fixed   10.0        0            0        5977             0.0   0.0        0.0
50   owlvit  per_level    0.3     2434         4880        5977          2668.7  44.8       49.2
51   owlvit  per_level    0.4     2174         3952        5977          2283.4  43.8       46.0
52   owlvit  per_level    0.6     1929         3209        5977          1937.7  42.0       42.2
53   owlvit  per_level    0.9     1548         2420        5977          1497.9  36.9       35.7
54   owlvit  per_level    1.2     1696         3101        5977          1754.4  37.4       38.7
55   owlvit  per_level    1.8     1621         4305        5977          2027.6  31.5       39.4
56   owlvit  per_level    2.4     1390         4224        5977          1455.6  27.3       28.5
57   owlvit  per_level    3.6      972         3957        5977          1135.4  19.6       22.9
58   owlvit  per_level    5.0      335         1326        5977           402.1   9.2       11.0
59   owlvit  per_level   10.0       97         1347        5977            65.2   2.6        1.8
detector      kind  level                  f1           oracle_f1  diff    lo   hi
  colour     fixed    0.3   1.422557700682247  1.7825518943242853  -0.4  -0.7 -0.0
  colour     fixed    0.4  1.4941302027748133  1.8386949230065561  -0.3  -0.7  0.0
  colour     fixed    0.6  1.6252683226004294   1.913523459061638  -0.3  -0.7  0.1
  colour     fixed    0.9  1.5892801495793083  1.9725771268307883  -0.4  -0.8  0.0
  colour     fixed    1.2   1.603269412134549  1.9836529393272555  -0.4  -0.7 -0.0
  colour     fixed    1.8  1.5365318281592977  1.9535904672311066  -0.4  -0.8 -0.0
  colour     fixed    2.4   1.475204017576899  1.9052102950408034  -0.4  -0.8 -0.1
  colour     fixed    3.6  1.3289036544850499  1.6896060749881348  -0.4  -0.7 -0.0
  colour     fixed    5.0  1.1244979919678715  1.2690763052208835  -0.1  -0.4  0.1
  colour     fixed   10.0 0.26298487836949375 0.36817882971729127  -0.1  -0.2  0.0
  colour per_level    0.3   1.422557700682247  1.7825518943242853  -0.4  -0.7 -0.1
  colour per_level    0.4  1.4941302027748133  1.8386949230065561  -0.3  -0.7 -0.0
  colour per_level    0.6  1.6252683226004294   1.913523459061638  -0.3  -0.7  0.1
  colour per_level    0.9  1.5892801495793083  1.9725771268307883  -0.4  -0.8  0.1
  colour per_level    1.2  1.8498535532603668  2.2907353167874205  -0.4  -0.9 -0.0
  colour per_level    1.8  0.9905735740533631   1.421952388560473  -0.4  -0.8 -0.1
  colour per_level    2.4  1.7625231910946197  2.1335807050092765  -0.4  -0.7 -0.0
  colour per_level    3.6   1.527431421446384  1.8422693266832915  -0.3  -0.7  0.0
  colour per_level    5.0  1.3659466327827192  1.5724269377382465  -0.2  -0.5  0.1
  colour per_level   10.0  0.3279763857002296 0.45916693998032143  -0.1  -0.3  0.0
   owlv2     fixed    0.3   25.62611687515003  27.367775318059373  -1.7  -2.1 -1.4
   owlv2     fixed    0.4   34.52310367998735   36.58958852128542  -2.1  -2.7 -1.5
   owlv2     fixed    0.6   36.78631869600071   39.43083637659214  -2.6  -3.4 -2.0
   owlv2     fixed    0.9   43.04897314375987   48.38204318062138  -5.3  -6.5 -4.2
   owlv2     fixed    1.2  43.521594684385384   49.94714587737843  -6.4  -8.0 -4.9
   owlv2     fixed    1.8  42.320334014391044   48.60442391400906  -6.3  -8.2 -4.4
   owlv2     fixed    2.4  36.651533606466614   39.08758719964567  -2.4  -5.0 -0.0
   owlv2     fixed    3.6  10.417310664605873   9.867078825347757   0.6  -0.9  1.8
   owlv2     fixed    5.0  0.7321131447587355  0.8386023294509153  -0.1  -0.6  0.2
   owlv2     fixed   10.0                 0.0                 0.0   0.0   0.0  0.0
   owlv2 per_level    0.3  49.040450881072985    51.3776128986231  -2.3  -3.8 -1.0
   owlv2 per_level    0.4   43.40301974448316   46.92682926829268  -3.5  -4.6 -2.6
   owlv2 per_level    0.6  52.185337654375054   53.06823158447928  -0.9  -3.2  1.2
   owlv2 per_level    0.9   46.09562488462249   48.32564149898467  -2.2  -4.4 -0.3
   owlv2 per_level    1.2  43.521594684385384   49.94714587737843  -6.4  -8.1 -4.8
   owlv2 per_level    1.8   39.19616983747008   45.79816051404813  -6.6  -7.7 -5.5
   owlv2 per_level    2.4  39.193894939616214   47.30680892050084  -8.1  -9.7 -6.6
   owlv2 per_level    3.6     32.732516222062   40.87719298245614  -8.1  -9.7 -6.7
   owlv2 per_level    5.0  25.851125216387768   37.97653394883631 -12.1 -14.5 -9.4
   owlv2 per_level   10.0  20.711661187391222  25.784181009475923  -5.1  -6.7 -3.6
  owlvit     fixed    0.3   41.49898717083052   48.34031060094531  -6.8  -8.0 -5.7
  owlvit     fixed    0.4   41.87167671038639  48.708968450903946  -6.8  -8.1 -5.6
  owlvit     fixed    0.6   42.78453038674033   48.97384898710865  -6.2  -7.6 -4.8
  owlvit     fixed    0.9   43.71584699453552   49.98840867693327  -6.3  -7.8 -4.7
  owlvit     fixed    1.2   42.28360957642725  47.583793738489874  -5.3  -7.1 -3.5
  owlvit     fixed    1.8   33.29455560725919  34.550953932061425  -1.3  -3.1  0.7
  owlvit     fixed    2.4  18.836486868116353  18.624682293137536   0.2  -1.6  1.8
  owlvit     fixed    3.6  3.8067349926793557  3.2763949894257367   0.5   0.1  1.0
  owlvit     fixed    5.0  0.7988017973040439   0.582459643867532   0.2   0.1  0.4
  owlvit     fixed   10.0                 0.0                 0.0   0.0   0.0  0.0
  owlvit per_level    0.3   44.83743207147462   49.16091001197384  -4.3  -6.2 -2.5
  owlvit per_level    0.4   44.38926559067902  47.909464234552566  -3.5  -5.5 -1.6
  owlvit per_level    0.6   44.03849931251228    46.7059516794343  -2.7  -4.6 -0.8
  owlvit per_level    0.9   41.98563310818055  42.742575318966445  -0.8  -2.5  1.0
  owlvit per_level    1.2   42.28360957642725  47.583793738489874  -5.3  -7.0 -3.5
  owlvit per_level    1.8  34.847835405057864   43.45477925417918  -8.6 -10.1 -7.2
  owlvit per_level    2.4   32.80762023735166   34.74547158026233  -1.9  -3.2 -0.7
  owlvit per_level    3.6  23.918385583438827  27.780177228386332  -3.9  -5.0 -2.7
  owlvit per_level    5.0  16.933790206698355  20.932905935669282  -4.0  -5.4 -2.6
  owlvit per_level   10.0  3.3185840707964602    2.95968534906588   0.4  -0.1  0.9
detector      kind  level                  f1           oracle_f1  diff    lo   hi
  colour     fixed    0.3  0.3483814777181013  0.5341849325010887  -0.2  -0.4  0.0
  colour     fixed    0.4  0.3964018905320933  0.4909284951974387  -0.1  -0.3  0.1
  colour     fixed    0.6 0.42931616068690587  0.4446488807114382  -0.0  -0.2  0.3
  colour     fixed    0.9 0.46743533811156124   0.557806170146463  -0.1  -0.3  0.1
  colour     fixed    1.2  0.4086765168186105  0.5532851304621189  -0.1  -0.4  0.1
  colour     fixed    1.8 0.40765130134838506  0.5111320163060522  -0.1  -0.3  0.1
  colour     fixed    2.4  0.3766478342749529  0.5053358443188952  -0.1  -0.3  0.1
  colour     fixed    3.6 0.28476506881822494  0.4398038285081474  -0.2  -0.4  0.1
  colour     fixed    5.0  0.2248995983935743  0.3373493975903614  -0.1  -0.3  0.1
  colour     fixed   10.0 0.03287310979618672 0.13149243918474687  -0.1  -0.2 -0.0
  colour per_level    0.3  0.3483814777181013  0.5341849325010887  -0.2  -0.4  0.0
  colour per_level    0.4  0.3964018905320933  0.4909284951974387  -0.1  -0.3  0.1
  colour per_level    0.6 0.42931616068690587  0.4446488807114382  -0.0  -0.2  0.2
  colour per_level    0.9 0.46743533811156124   0.557806170146463  -0.1  -0.3  0.1
  colour per_level    1.2  0.5241251734237706  0.6536149221519965  -0.1  -0.3  0.1
  colour per_level    1.8  0.2875858763380732    0.47611439527081  -0.2  -0.4  0.0
  colour per_level    2.4 0.46382189239332094  0.6369820655534941  -0.2  -0.4  0.0
  colour per_level    3.6  0.3428927680798005  0.4613466334164589  -0.1  -0.3  0.1
  colour per_level    5.0  0.3176620076238882 0.42566709021601024  -0.1  -0.3  0.1
  colour per_level   10.0 0.09839291571006888  0.1377500819940964  -0.0  -0.1  0.1
   owlv2     fixed    0.3  18.142053183260874  18.731496546021923  -0.6  -1.2  0.1
   owlv2     fixed    0.4  23.036483655480453  23.029368749752955   0.0  -0.9  0.9
   owlv2     fixed    0.6  24.423265342477954  24.316380154983527   0.1  -0.9  1.0
   owlv2     fixed    0.9  26.908899420747762    27.2143233280674  -0.3  -1.7  1.0
   owlv2     fixed    1.2  25.218967079432197   27.21987315010571  -2.0  -3.5 -0.4
   owlv2     fixed    1.8  23.896242338100738  26.124189393266413  -2.2  -3.9 -0.6
   owlv2     fixed    2.4  19.399844978407707  19.554866570700923  -0.2  -2.0  1.6
   owlv2     fixed    3.6   4.853168469860896   4.636785162287481   0.2  -0.8  1.2
   owlv2     fixed    5.0 0.46589018302828616 0.43926788685524126   0.0  -0.3  0.3
   owlv2     fixed   10.0                 0.0                 0.0   0.0   0.0  0.0
   owlv2 per_level    0.3   33.30241849183135   26.98722979239495   6.3   4.6  7.9
   owlv2 per_level    0.4  30.185830429732867  27.610917537746804   2.6   1.3  3.8
   owlv2 per_level    0.6   33.94937374091268  26.686520101602866   7.3   5.5  8.8
   owlv2 per_level    0.9  28.465940557504155  24.502492154328966   4.0   2.3  5.6
   owlv2 per_level    1.2  25.218967079432197   27.21987315010571  -2.0  -3.5 -0.4
   owlv2 per_level    1.8   23.61093612196044   27.35920372936878  -3.7  -5.0 -2.5
   owlv2 per_level    2.4  21.812254575090762  26.316959324294288  -4.5  -5.9 -3.1
   owlv2 per_level    3.6  17.339581831290555  24.096371064647922  -6.8  -7.9 -5.5
   owlv2 per_level    5.0  10.078861319484517  18.905558761300252  -8.8 -10.5 -7.1
   owlv2 per_level   10.0   6.304389866563527    9.78147360278476  -3.5  -4.7 -2.3
  owlvit     fixed    0.3  26.360567184334908  28.233625928426736  -1.9  -3.3 -0.5
  owlvit     fixed    0.4  26.487061325771002   28.39276852180078  -1.9  -3.4 -0.4
  owlvit     fixed    0.6  26.858195211786374   28.29465930018416  -1.4  -2.8  0.1
  owlvit     fixed    0.9  26.295744328531214  28.618976651763543  -2.3  -4.1 -0.5
  owlvit     fixed    1.2   24.43830570902394  26.732965009208105  -2.3  -4.2 -0.5
  owlvit     fixed    1.8  17.892042810609585   18.46440204746394  -0.6  -2.4  1.1
  owlvit     fixed    2.4  10.336063258966394   9.336345665066366   1.0  -1.0  2.7
  owlvit     fixed    3.6   2.310069952822515  1.6365706848869368   0.7   0.2  1.2
  owlvit     fixed    5.0  0.4659677150940256  0.2662672657680146   0.2   0.0  0.4
  owlvit     fixed   10.0                 0.0                 0.0   0.0   0.0  0.0
  owlvit per_level    0.3   28.18458137607074  27.138251819102877   1.0  -0.7  2.8
  owlvit per_level    0.4   28.09664788463375   26.68131028555057   1.4  -0.4  3.2
  owlvit per_level    0.6   27.69593400117855  26.012571204085642   1.7  -0.1  3.4
  owlvit per_level    0.9  25.474429076873594  23.538115149565776   1.9   0.1  3.6
  owlvit per_level    1.2   24.43830570902394  26.732965009208105  -2.3  -4.1 -0.4
  owlvit per_level    1.8  18.459779968566938   25.61365909415631  -7.2  -8.6 -5.6
  owlvit per_level    2.4  15.412242348532168  16.998750780762027  -1.6  -3.0 -0.1
  owlvit per_level    3.6   8.682701615905875  13.037456251396232  -4.4  -5.7 -3.0
  owlvit per_level    5.0   5.394053277329501   7.469879518072289  -2.1  -3.2 -1.0
  owlvit per_level   10.0  1.1307767944936087  0.8898721730580137   0.2   0.0  0.5
detector      kind  level                  f1            oracle_f1  diff    lo   hi
  colour     fixed    0.3   1.422557700682247   1.7825518943242853  -0.4  -0.7 -0.0
  colour     fixed    0.4   1.547508511296812   1.8910554008047047  -0.3  -0.7  0.0
  colour     fixed    0.6  1.6373185047883843   1.9184430027803518  -0.3  -0.6  0.1
  colour     fixed    0.9   1.570598397989634   1.9255536359352914  -0.4  -0.8  0.1
  colour     fixed    1.2   1.575795776867318   1.9193192562243933  -0.3  -0.7  0.0
  colour     fixed    1.8  1.4200063111391605   1.7544966866519405  -0.3  -0.7  0.0
  colour     fixed    2.4  1.2716579240184391   1.5736766809728182  -0.3  -0.6 -0.0
  colour     fixed    3.6  1.0025873221216042    1.148124191461837  -0.1  -0.4  0.2
  colour     fixed    5.0  0.4865390853065196   0.6195264352903016  -0.1  -0.4  0.1
  colour     fixed   10.0 0.06651147322913202  0.11306950448952444  -0.0  -0.1  0.0
  colour per_level    0.3   1.422557700682247   1.7825518943242853  -0.4  -0.7 -0.1
  colour per_level    0.4   1.547508511296812   1.8910554008047047  -0.3  -0.7  0.0
  colour per_level    0.6  1.6373185047883843   1.9184430027803518  -0.3  -0.6  0.1
  colour per_level    0.9   1.570598397989634   1.9255536359352914  -0.4  -0.8  0.1
  colour per_level    1.2  1.8362900715841892   2.0697167755991286  -0.2  -0.6  0.1
  colour per_level    1.8  0.8037293039704227   1.3663398167497187  -0.6  -1.0 -0.2
  colour per_level    2.4  1.5025825637814993   1.8250117389262794  -0.3  -0.6 -0.1
  colour per_level    3.6  1.2150279776179056   1.4196642685851322  -0.2  -0.5  0.0
  colour per_level    5.0  0.7051282051282052    0.782051282051282  -0.1  -0.3  0.1
  colour per_level   10.0 0.09930486593843098    0.132406487917908  -0.0  -0.1  0.0
   owlv2     fixed    0.3   25.62611687515003   27.367775318059373  -1.7  -2.1 -1.4
   owlv2     fixed    0.4  38.859486005817004    41.66022981929147  -2.8  -3.6 -2.1
   owlv2     fixed    0.6    42.8306069866379   46.924321409311524  -4.1  -5.1 -3.1
   owlv2     fixed    0.9   44.05393774207431   50.705781093099986  -6.7  -8.0 -5.2
   owlv2     fixed    1.2           44.078125           50.1984375  -6.1  -7.6 -4.6
   owlv2     fixed    1.8  39.115468864086786    43.15218525086054  -4.0  -6.2 -1.5
   owlv2     fixed    2.4  19.805332204824374   19.822259839187474  -0.0  -2.1  1.9
   owlv2     fixed    3.6   1.029729280850357   0.9699385484138847   0.1  -0.3  0.4
   owlv2     fixed    5.0 0.03345600535296086 0.026764804282368684   0.0   0.0  0.0
   owlv2     fixed   10.0                 0.0                  0.0   0.0   0.0  0.0
   owlv2 per_level    0.3  49.040450881072985     51.3776128986231  -2.3  -3.8 -1.0
   owlv2 per_level    0.4   46.41799084298411   50.410719095071364  -4.0  -5.3 -2.8
   owlv2 per_level    0.6  47.625958946713666   44.696247149077344   2.9   1.0  4.7
   owlv2 per_level    0.9  45.010867417506425   46.743726536257654  -1.7  -3.8  0.2
   owlv2 per_level    1.2           44.078125           50.1984375  -6.1  -7.6 -4.5
   owlv2 per_level    1.8  41.443108233117485    48.68948504471169  -7.2  -8.9 -5.7
   owlv2 per_level    2.4  34.139671855279765    39.44678165755153  -5.3  -7.5 -3.2
   owlv2 per_level    3.6   25.37643466357797    34.34768874381384  -9.0 -11.4 -6.6
   owlv2 per_level    5.0  19.048745858968292   31.261239943208707 -12.2 -14.9 -9.6
   owlv2 per_level   10.0  14.969034128343655   14.552641981815787   0.4  -0.6  1.5
  owlvit     fixed    0.3   41.49898717083052    48.34031060094531  -6.8  -8.0 -5.7
  owlvit     fixed    0.4   43.01726749469858    49.90154498636777  -6.9  -8.3 -5.5
  owlvit     fixed    0.6   44.22229752626228    49.65435445611657  -5.4  -7.0 -3.9
  owlvit     fixed    0.9   41.87103493987312    47.25499479215983  -5.4  -7.2 -3.5
  owlvit     fixed    1.2  37.365058382903726   38.651685393258425  -1.3  -2.9  0.3
  owlvit     fixed    1.8   19.39940786691104   18.686028478781896   0.7  -0.8  2.0
  owlvit     fixed    2.4   8.915211970074813    7.948877805486284   1.0  -0.2  1.9
  owlvit     fixed    3.6  0.7326007326007326   0.6060606060606061   0.1   0.0  0.2
  owlvit     fixed    5.0 0.10033444816053512  0.05351170568561873   0.0   0.0  0.1
  owlvit     fixed   10.0                 0.0                  0.0   0.0   0.0  0.0
  owlvit per_level    0.3   44.83743207147462    49.16091001197384  -4.3  -6.2 -2.5
  owlvit per_level    0.4   43.79091550005036    45.99456138583946  -2.2  -4.1 -0.1
  owlvit per_level    0.6   41.99869366427172   42.188112344872636  -0.2  -2.2  1.7
  owlvit per_level    0.9   36.87031082529475    35.67702750982494   1.2  -0.3  2.7
  owlvit per_level    1.2  37.365058382903726   38.651685393258425  -1.3  -2.9  0.3
  owlvit per_level    1.8  31.530830577708617    39.43979770472671  -7.9  -9.7 -6.2
  owlvit per_level    2.4    27.2522301735124   28.538378590334283  -1.3  -2.5  0.0
  owlvit per_level    3.6  19.569156432454196    22.85886853231327  -3.3  -4.4 -2.1
  owlvit per_level    5.0   9.174311926605505   11.011912912501712  -1.8  -2.9 -0.8
  owlvit per_level   10.0   2.648825778263244   1.7804478427089019   0.9   0.5  1.3
oracle done Fri Oct  9 14:44:04 BST 2026
200 chips with a Sentinel-2 crop
scales {'AOI_2_Vegas': 6200.0}
Loading weights:   0%|          | 0/412 [00:00<?, ?it/s]Loading weights: 100%|██████████| 412/412 [00:00<00:00, 10178.13it/s]
Loading weights:   0%|          | 0/418 [00:00<?, ?it/s]Loading weights: 100%|██████████| 418/418 [00:00<00:00, 9581.90it/s]
50/200
100/200
150/200
200/200
owlvit fixed 0.25 area 0.0 0.0 0.0 [0.0, 0.0]
owlvit fixed 0.25 blur_resize 0.0 0.0 0.0 [0.0, 0.0]
owlvit fixed 0.5 area 0.0 0.0 0.0 [0.0, 0.0]
owlvit fixed 0.5 blur_resize 0.0 0.0 0.0 [0.0, 0.0]
owlvit per_level 0.25 area 2.4 3.3 1.7 [-1.4462976044353544, -0.3841276709116668]
owlvit per_level 0.25 blur_resize 2.4 2.6 1.7 [-0.7698486345982865, 0.2848417837590953]
owlvit per_level 0.5 area 0.9 1.1 0.4 [-0.5431549813624225, -0.02463183739617205]
owlvit per_level 0.5 blur_resize 0.9 1.0 0.4 [-0.513763777997832, 0.12720236966976237]
owlv2 fixed 0.25 area 0.0 0.0 0.0 [0.0, 0.0]
owlv2 fixed 0.25 blur_resize 0.0 0.0 0.0 [0.0, 0.0]
owlv2 fixed 0.5 area 0.0 0.0 0.0 [0.0, 0.0]
owlv2 fixed 0.5 blur_resize 0.0 0.0 0.0 [0.0, 0.0]
owlv2 per_level 0.25 area 10.4 20.7 12.1 [-11.823246899318576, -8.807004244389216]
owlv2 per_level 0.25 blur_resize 10.4 15.0 12.1 [-6.238061769390676, -3.0925089489073865]
owlv2 per_level 0.5 area 2.2 6.3 3.1 [-5.128894265269688, -3.2306819099139]
owlv2 per_level 0.5 blur_resize 2.2 5.2 3.1 [-4.093060152237553, -2.0082350633538195]
colour fixed 0.25 area 5.0 0.3 6.1 [3.706114983923917, 5.91289438678674]
colour fixed 0.25 blur_resize 5.0 0.1 6.1 [3.9162533514066853, 6.175642421732085]
colour fixed 0.5 area 1.6 0.0 2.2 [1.0655220247844288, 2.231038983641056]
colour fixed 0.5 blur_resize 1.6 0.0 2.2 [1.0877565454239184, 2.2581221284918316]
colour per_level 0.25 area 4.0 0.3 5.6 [2.8169796612547433, 4.773347254792998]
colour per_level 0.25 blur_resize 4.0 0.1 5.6 [3.036028764306678, 5.03590382406553]
colour per_level 0.5 area 1.2 0.1 2.1 [0.7657191776492107, 1.4810101281076449]
colour per_level 0.5 blur_resize 1.2 0.0 2.1 [0.8786740435402922, 1.575324303533261]
s2 done Fri Oct  9 14:46:58 BST 2026
          city detector      method  n_chips  peak_gsd  peak_f1  break_gsd  break_lo  break_hi  f1_0.9  f1_2.4  f1_2.4_lo  f1_2.4_hi  f1_3.6  f1_5
   AOI_3_Paris   owlvit        area      220      1.20    45.18       2.56      2.34      2.70   44.29   23.44      19.26      27.01    1.92  0.00
AOI_5_Khartoum   owlvit        area      180      0.90    36.83       2.16      1.95      2.30   36.83   11.58       8.37      14.78    0.40  0.05
   AOI_3_Paris   owlvit blur_resize      220      1.20    46.83       2.08      2.00      2.14   45.88    9.06       6.76      11.48    0.35  0.00
AOI_5_Khartoum   owlvit blur_resize      180      0.45    37.64       1.78      1.55      1.92   36.86    2.61       1.43       3.89    0.13  0.05
   AOI_3_Paris    owlv2        area      220      2.40    46.45       3.14      3.04      3.23   43.94   46.45      41.41      49.88   11.14  0.21
AOI_5_Khartoum    owlv2        area      180      0.60    36.01       2.04      1.71      2.28   33.78   12.26       8.23      16.19    0.76  0.18
   AOI_3_Paris    owlv2 blur_resize      220      0.90    45.49       2.32      2.15      2.52   45.49   18.65      13.99      22.88    0.07  0.00
AOI_5_Khartoum    owlv2 blur_resize      180      0.45    34.63       1.42      1.25      1.54   31.26    2.35       1.20       3.66    0.13  0.00
   AOI_3_Paris   colour        area      220      1.20    13.01       4.75      4.11      5.53   12.77   11.67       9.18      13.55    9.17  6.06
AOI_5_Khartoum   colour        area      180      0.90     1.36       6.39      4.25      8.44    1.36    1.22       0.74       1.73    1.02  0.87
   AOI_3_Paris   colour blur_resize      220      0.60    12.83       3.37      2.85      3.88   12.74    9.56       6.99      11.68    5.86  2.36
AOI_5_Khartoum   colour blur_resize      180      0.45     1.36       4.33      2.98      5.91    1.32    1.02       0.59       1.47    0.91  0.57
   AOI_2_Vegas   owlvit        area      200      0.90    43.72       2.31      2.16      2.53   43.72   18.84      15.84      21.78    3.81  0.80
   AOI_2_Vegas   owlvit blur_resize      200      0.60    44.22       1.74      1.60      1.94   41.87    8.92       6.90      11.28    0.73  0.10
   AOI_2_Vegas    owlv2        area      200      1.20    43.52       3.10      2.90      3.32   43.05   36.65      32.85      40.30   10.42  0.73
   AOI_2_Vegas    owlv2 blur_resize      200      1.20    44.08       2.38      2.21      2.61   44.05   19.81      15.63      24.25    1.03  0.03
   AOI_2_Vegas   colour        area      200      0.60     1.63       6.37      5.25      7.13    1.59    1.48       0.63       2.51    1.33  1.12
   AOI_2_Vegas   colour blur_resize      200      0.60     1.64       4.00      2.95      4.58    1.57    1.27       0.53       2.18    1.00  0.49
wrote docs/figures/fig1_f1_vs_gsd_vegas.png
ALL DONE Fri Oct  9 14:47:00 BST 2026
